# PureLink Batch Report

Generated: 2026-06-02T21:29:21Z

| Host | Port | Protocol | Region | Reachable | Latency | Abuse Score | Purity |
|---|---:|---|---|---|---:|---:|---|
| 192.0.2.1 | 443 | — | — | true | 12ms | 0 | clean |
| 192.0.2.2 | 80 | — | — | false | 0ms | 75 | suspicious |

## Summary

- **Total**: 2
- **Reachable**: 1
- **Clean**: 1
- **Suspicious**: 1
