Host                Port  Reachable  Latency  Abuse  Purity
────────────────────────────────────────────────────────────
192.0.2.1           443   true       12ms     0      clean
192.0.2.2           80    false      0ms      75     suspicious

Summary
  Total:       2
  Reachable:   1
  Unreachable: 1
  Clean:       1
  Suspicious:  1
  Avg Latency: 6ms
  Errors:      0
