Host        Port Protocol Region Reachable Latency Abuse Score Purity
─────────────────────────────────────────────────────────────────────
example.com 443  —        —      true      42ms    10          clean 

Summary
  Total:       1
  Reachable:   1
  Unreachable: 0
  Clean:       1
  Suspicious:  0
  Avg Latency: 42ms
  Errors:      0
