# PureLink Diagnostic Report

Generated: __TIMESTAMP__

## Endpoint

- **Host**: example.com
- **Port**: 443
- **IP**: 93.184.216.34

## DNS

- **A/AAAA**: 93.184.216.34
- **CNAME**: —

## Reachability

- **TCP**: true (42ms)
- **TLS**: TLS1.3
- **HTTP**: 200

## Abuse / Purity

- **Score**: 10 / 100
- **Verdict**: clean
- **Providers**: ipapi.is
