# PureLink Diagnostic Report

Generated: 2026-06-03T10:00:06Z

## Endpoint

- **Host**: example.com
- **Port**: 443
- **IP**: 93.184.216.34

## DNS

- **A/AAAA**: 93.184.216.34
- **CNAME**: —

## Reachability

- **TCP**: true (42ms)
- **TLS**: TLS1.3
- **HTTP**: 200

## Abuse / Purity

- **Score**: 10 / 100
- **Verdict**: clean
- **Region**: —
- **Providers**: ipapi.is

### Provider Signals

- **ipapi.is**: score=10  confidence=0.95  datacenter=false  vpn=false  proxy=false  tor=false  purity=clean  categories=residential
