{
  "abuse_score": 10,
  "check": {
    "endpoint": {
      "host": "example.com",
      "port": 443,
      "raw": "example.com:443"
    },
    "reachable": true,
    "latency_ms": 42,
    "tls_version": "TLS1.3",
    "tls_cipher": "TLS_AES_128_GCM_SHA256",
    "http_status": 200,
    "dns_addrs": [
      "93.184.216.34"
    ]
  },
  "country": "",
  "country_code": "",
  "dns_addrs": [
    "93.184.216.34"
  ],
  "endpoint": "example.com:443",
  "generated": "2026-06-03T10:00:06.9364099Z",
  "host": "example.com",
  "http_status": 200,
  "latency_ms": 42,
  "port": 443,
  "providers": [
    {
      "provider": "ipapi.is",
      "score": 10,
      "confidence": 0.95,
      "categories": [
        "residential"
      ],
      "is_datacenter": false,
      "is_vpn": false,
      "is_proxy": false,
      "is_tor": false,
      "purity": "clean"
    }
  ],
  "purity": "clean",
  "reachable": true,
  "tls": {
    "cipher": "TLS_AES_128_GCM_SHA256",
    "version": "TLS1.3"
  }
}
